#-----------------------------------------------------------
# Vivado v2025.1 (64-bit)
# SW Build 6140274 on Thu May 22 00:12:29 MDT 2025
# IP Build 6138677 on Thu May 22 03:10:11 MDT 2025
# SharedData Build 6139179 on Tue May 20 17:58:58 MDT 2025
# Start of session at: Wed Aug  6 13:07:04 2025
# Process ID         : 15260
# Current directory  : C:/Users/cenk.keskin/Desktop/XC7A100T_Microblaze/XC7A100T_Microblaze.runs/synth_1
# Command line       : vivado.exe -log top_module.vds -product Vivado -mode batch -messageDb vivado.pb -notrace -source top_module.tcl
# Log file           : C:/Users/cenk.keskin/Desktop/XC7A100T_Microblaze/XC7A100T_Microblaze.runs/synth_1/top_module.vds
# Journal file       : C:/Users/cenk.keskin/Desktop/XC7A100T_Microblaze/XC7A100T_Microblaze.runs/synth_1\vivado.jou
# Running On         : TPC-0073
# Platform           : Windows Server 2016 or Windows 10
# Operating System   : 19045
# Processor Detail   : Intel(R) Core(TM) i9-10900 CPU @ 2.80GHz
# CPU Frequency      : 2808 MHz
# CPU Physical cores : 10
# CPU Logical cores  : 20
# Host memory        : 16997 MB
# Swap memory        : 2550 MB
# Total Virtual      : 19547 MB
# Available Virtual  : 7920 MB
#-----------------------------------------------------------
source top_module.tcl -notrace
